<html>
<body>
<pre>
<h1>µVision Build Log</h1>
<h2>Project:</h2>
D:\postgraduate\stm32\project\7.UV_VALUE_ESP8266_MQTT\stm32f103.uvprojx
Project File Date:  12/06/2018

<h2>Output:</h2>
Build target 'STM32F103'
linking...
.\output\stm32f103.axf: Warning: L6304W: Duplicate input file .\output\startup_stm32f10x_hd.o ignored.
.\output\stm32f103.axf: Warning: L6304W: Duplicate input file .\output\system_stm32f10x.o ignored.
Program Size: Code=21310 RO-data=850 RW-data=60 ZI-data=1764  
Finished: 0 information, 2 warning and 0 error messages.
FromELF: creating hex file...
".\output\stm32f103.axf" - 0 Error(s), 2 Warning(s).

<h2>Software Packages used:</h2>

Package Vendor: ARM
                http://www.keil.com/pack/ARM.CMSIS.4.1.0.pack
                ARM::CMSIS:CORE:3.30.0
                CMSIS (Cortex Microcontroller Software Interface Standard)
   * Component: CORE Version: 3.30.0

Package Vendor: Keil
                http://www.keil.com/pack/Keil.STM32F1xx_DFP.1.1.0.pack
                Keil::Device:Startup:1.0.0
                STMicroelectronics STM32F1 Series Device Support, Drivers and Examples
   * Component: Startup Version: 1.0.0

<h2>Collection of Component include folders:</h2>
  D:\postgraduate\stm32\project\7.UV_VALUE_ESP8266_MQTT\RTE
  D:\postgraduate\stm32\project\7.UV_VALUE_ESP8266_MQTT\RTE\Device\STM32F103ZE
  C:\Keil_v5\ARM\PACK\ARM\CMSIS\4.1.0\CMSIS\Include
  C:\Keil_v5\ARM\PACK\Keil\STM32F1xx_DFP\1.1.0\Device\Include

<h2>Collection of Component Files used:</h2>

   * Component: ARM::CMSIS:CORE:3.30.0
      Source file:   CMSIS\UserCodeTemplates\ARM\ITM_Retarget.c

   * Component: Keil::Device:Startup:1.0.0
      Source file:   Device\Source\system_stm32f10x.c
      Source file:   Device\Source\ARM\startup_stm32f10x_hd.s
      Source file:   Device\Source\ARM\STM32F1xx_OPT.s
      Include file:  RTE_Driver\Config\RTE_Device.h
</pre>
</body>
</html>
